Info: Generated by version: 26.1.1 build 130
Info: Starting: Create simulation model
Info: qsys-generate D:\FPGA\DE23Lite\MyProjects\UnnamedComputer\rtl\ip_variant\reset_release.ip --simulation=VERILOG --allow-mixed-language-simulation --simulator=MODELSIM --output-directory=D:\FPGA\DE23Lite\MyProjects\UnnamedComputer\rtl\ip_variant\reset_release --family="Agilex 3" --part=A3CZ135BB18AE7S
Info: reset_release: "Transforming system: reset_release"
Info: reset_release: "Naming system components in system: reset_release"
Info: reset_release: "Processing generation queue"
Info: reset_release: "Generating: reset_release"
Info: reset_release: "Generating: altera_s10_user_rst_clkgate"
Info: reset_release: Done "reset_release" with 2 modules, 2 files
Info: Generating the following file(s) for MODELSIM simulator in D:/FPGA/DE23Lite/MyProjects/UnnamedComputer/rtl/ip_variant/reset_release/sim/ directory:
Info: 	common/modelsim_files.tcl
Info: For information on how to simulate your IP, see the explanatory comments in the simulator-specific subdirectories under D:/FPGA/DE23Lite/MyProjects/UnnamedComputer/rtl/ip_variant/reset_release/sim/.
Info: Regenerate these scripts whenever you make any change to any Quartus-generated IP in your project.
Info: Starting: Generate SystemVerilog top-level wrapper in D:/FPGA/DE23Lite/MyProjects/UnnamedComputer/rtl/ip_variant/reset_release/sim/system_verilog_wrapper.
Info: Finished: Generate a SystemVerilog top-level wrapper.
Info: Finished: Create simulation model
Info: Starting: Create simulation script
Info: sim-script-gen --system-file=D:\FPGA\DE23Lite\MyProjects\UnnamedComputer\rtl\ip_variant\reset_release.ip --simulator=MODELSIM --output-directory=D:/FPGA/DE23Lite/MyProjects/UnnamedComputer/rtl/ip_variant/reset_release/sim/ --use-relative-paths=true
Info: Generating the following file(s) for MODELSIM simulator in D:/FPGA/DE23Lite/MyProjects/UnnamedComputer/rtl/ip_variant/reset_release/sim/ directory:
Info: 	mentor/msim_setup.tcl
Info: 	mentor/run_msim_setup.tcl
Info: For information on how to simulate your IP, see the explanatory comments in the simulator-specific subdirectories under D:/FPGA/DE23Lite/MyProjects/UnnamedComputer/rtl/ip_variant/reset_release/sim/.
Info: Regenerate these scripts whenever you make any change to any Quartus-generated IP in your project.
Info: Finished: Create simulation script
Info: 
Info: Starting: Create HDL design files for synthesis
Info: qsys-generate D:\FPGA\DE23Lite\MyProjects\UnnamedComputer\rtl\ip_variant\reset_release.ip --synthesis=VERILOG --output-directory=D:\FPGA\DE23Lite\MyProjects\UnnamedComputer\rtl\ip_variant\reset_release --family="Agilex 3" --part=A3CZ135BB18AE7S
Info: reset_release: "Transforming system: reset_release"
Info: reset_release: "Naming system components in system: reset_release"
Info: reset_release: "Processing generation queue"
Info: reset_release: "Generating: reset_release"
Info: reset_release: "Generating: altera_s10_user_rst_clkgate"
Info: s10_user_rst_clkgate_0: generating top-level entity altera_s10_user_rst_clkgate
Info: reset_release: Done "reset_release" with 2 modules, 3 files
Info: Starting: Generate SystemVerilog top-level wrapper in D:/FPGA/DE23Lite/MyProjects/UnnamedComputer/rtl/ip_variant/reset_release/synth/system_verilog_wrapper.
Info: Finished: Generate a SystemVerilog top-level wrapper.
Info: Finished: Create HDL design files for synthesis
